src/app/configuracion/page.tsx(86,29): error TS2345: Argument of type 'any' is not assignable to parameter of type 'never'.
src/app/configuracion/page.tsx(189,29): error TS2345: Argument of type 'any' is not assignable to parameter of type 'never'.
src/lib/store/authSlice.ts(31,38): error TS2339: Property 'team_theme' does not exist on type 'never'.
src/lib/store/authSlice.ts(32,25): error TS2339: Property 'theme_mode' does not exist on type 'never'.
src/lib/store/authSlice.ts(33,42): error TS2339: Property 'theme_mode' does not exist on type 'never'.
src/lib/store/authSlice.ts(44,23): error TS2339: Property 'id' does not exist on type 'never'.
src/lib/store/authSlice.ts(45,30): error TS2339: Property 'circuit_id' does not exist on type 'never'.
src/lib/store/authSlice.ts(46,32): error TS2339: Property 'time' does not exist on type 'never'.
src/lib/store/authSlice.ts(47,25): error TS2339: Property 'created_at' does not exist on type 'never'.
src/lib/store/authSlice.ts(48,25): error TS2339: Property 'type' does not exist on type 'never'.
src/lib/store/authSlice.ts(49,29): error TS2339: Property 'car_id' does not exist on type 'never'.
src/lib/store/authSlice.ts(61,23): error TS2339: Property 'id' does not exist on type 'never'.
src/lib/store/authSlice.ts(62,25): error TS2339: Property 'name' does not exist on type 'never'.
src/lib/store/authSlice.ts(63,29): error TS2339: Property 'category' does not exist on type 'never'.
src/lib/store/authSlice.ts(64,26): error TS2339: Property 'brand' does not exist on type 'never'.
src/lib/store/authSlice.ts(76,40): error TS2339: Property 'pressure' does not exist on type 'never'.
src/lib/store/authSlice.ts(77,30): error TS2339: Property 'pressure' does not exist on type 'never'.
src/lib/store/authSlice.ts(79,55): error TS2339: Property 'pressure' does not exist on type 'never'.
src/lib/store/authSlice.ts(82,50): error TS2339: Property 'pressure' does not exist on type 'never'.
src/lib/store/authSlice.ts(82,66): error TS2339: Property 'pressure' does not exist on type 'never'.
src/lib/store/authSlice.ts(82,82): error TS2339: Property 'pressure' does not exist on type 'never'.
src/lib/store/authSlice.ts(82,98): error TS2339: Property 'pressure' does not exist on type 'never'.
src/lib/store/authSlice.ts(87,27): error TS2339: Property 'id' does not exist on type 'never'.
src/lib/store/authSlice.ts(88,30): error TS2339: Property 'car_id' does not exist on type 'never'.
src/lib/store/authSlice.ts(88,42): error TS2339: Property 'carId' does not exist on type 'never'.
src/lib/store/authSlice.ts(89,29): error TS2339: Property 'name' does not exist on type 'never'.
src/lib/store/authSlice.ts(90,36): error TS2339: Property 'session_type' does not exist on type 'never'.
src/lib/store/authSlice.ts(91,30): error TS2339: Property 'tires' does not exist on type 'never'.
src/lib/store/authSlice.ts(93,29): error TS2339: Property 'fuel' does not exist on type 'never'.
src/lib/store/authSlice.ts(94,30): error TS2339: Property 'notes' does not exist on type 'never'.
src/lib/store/authSlice.ts(95,35): error TS2339: Property 'created_at' does not exist on type 'never'.
src/lib/store/authSlice.ts(108,57): error TS2339: Property 'circuit_id' does not exist on type 'never'.
src/lib/store/carsSlice.ts(26,63): error TS2769: No overload matches this call.
  Overload 1 of 2, '(values: never, options?: { count?: "exact" | "planned" | "estimated" | undefined; } | undefined): PostgrestFilterBuilder<{ PostgrestVersion: "12"; }, never, never, null, "user_cars", never, "POST">', gave the following error.
    Argument of type '{ user_id: string; name: string; brand: string | undefined; category: string; }' is not assignable to parameter of type 'never'.
  Overload 2 of 2, '(values: never[], options?: { count?: "exact" | "planned" | "estimated" | undefined; defaultToNull?: boolean | undefined; } | undefined): PostgrestFilterBuilder<{ PostgrestVersion: "12"; }, never, never, null, "user_cars", never, "POST">', gave the following error.
    Object literal may only specify known properties, and 'user_id' does not exist in type 'never[]'.
src/lib/store/carsSlice.ts(36,85): error TS2339: Property 'id' does not exist on type 'never'.
src/lib/store/circuitsSlice.ts(27,62): error TS2769: No overload matches this call.
  Overload 1 of 2, '(values: never, options?: { onConflict?: string | undefined; ignoreDuplicates?: boolean | undefined; count?: "exact" | "planned" | "estimated" | undefined; } | undefined): PostgrestFilterBuilder<{ ...; }, ... 5 more ..., "POST">', gave the following error.
    Argument of type '{ user_id: string; circuit_id: string; is_favorite: boolean; }' is not assignable to parameter of type 'never'.
  Overload 2 of 2, '(values: never[], options?: { onConflict?: string | undefined; ignoreDuplicates?: boolean | undefined; count?: "exact" | "planned" | "estimated" | undefined; defaultToNull?: boolean | undefined; } | undefined): PostgrestFilterBuilder<...>', gave the following error.
    Object literal may only specify known properties, and 'user_id' does not exist in type 'never[]'.
src/lib/store/lapsSlice.ts(32,41): error TS2769: No overload matches this call.
  Overload 1 of 2, '(values: never, options?: { count?: "exact" | "planned" | "estimated" | undefined; } | undefined): PostgrestFilterBuilder<{ PostgrestVersion: "12"; }, never, never, null, "laps", never, "POST">', gave the following error.
    Argument of type '{ user_id: string; circuit_id: string; car_id: string; time: number; type: SessionType; created_at: string; }' is not assignable to parameter of type 'never'.
  Overload 2 of 2, '(values: never[], options?: { count?: "exact" | "planned" | "estimated" | undefined; defaultToNull?: boolean | undefined; } | undefined): PostgrestFilterBuilder<{ PostgrestVersion: "12"; }, never, never, null, "laps", never, "POST">', gave the following error.
    Object literal may only specify known properties, and 'user_id' does not exist in type 'never[]'.
src/lib/store/setupsSlice.ts(19,63): error TS2769: No overload matches this call.
  Overload 1 of 2, '(values: never, options?: { count?: "exact" | "planned" | "estimated" | undefined; } | undefined): PostgrestFilterBuilder<{ PostgrestVersion: "12"; }, never, never, null, "setups", never, "POST">', gave the following error.
    Argument of type '{ user_id: string; car_id: string; name: string; session_type: "Qualy" | "Race"; tires: string; pressure: { fl: string; fr: string; rl: string; rr: string; }; fuel: string; notes: string; }' is not assignable to parameter of type 'never'.
  Overload 2 of 2, '(values: never[], options?: { count?: "exact" | "planned" | "estimated" | undefined; defaultToNull?: boolean | undefined; } | undefined): PostgrestFilterBuilder<{ PostgrestVersion: "12"; }, never, never, null, "setups", never, "POST">', gave the following error.
    Object literal may only specify known properties, and 'user_id' does not exist in type 'never[]'.
src/lib/store/setupsSlice.ts(38,26): error TS2339: Property 'id' does not exist on type 'never'.
src/lib/store/setupsSlice.ts(39,29): error TS2339: Property 'car_id' does not exist on type 'never'.
src/lib/store/setupsSlice.ts(40,28): error TS2339: Property 'name' does not exist on type 'never'.
src/lib/store/setupsSlice.ts(41,35): error TS2339: Property 'session_type' does not exist on type 'never'.
src/lib/store/setupsSlice.ts(42,29): error TS2339: Property 'tires' does not exist on type 'never'.
src/lib/store/setupsSlice.ts(43,32): error TS2339: Property 'pressure' does not exist on type 'never'.
src/lib/store/setupsSlice.ts(44,28): error TS2339: Property 'fuel' does not exist on type 'never'.
src/lib/store/setupsSlice.ts(45,29): error TS2339: Property 'notes' does not exist on type 'never'.
src/lib/store/setupsSlice.ts(46,34): error TS2339: Property 'created_at' does not exist on type 'never'.
src/lib/store/setupsSlice.ts(55,63): error TS2345: Argument of type '{ name: string; session_type: "Qualy" | "Race"; tires: string; pressure: { fl: string; fr: string; rl: string; rr: string; }; fuel: string; notes: string; }' is not assignable to parameter of type 'never'.
src/lib/store/setupsSlice.ts(66,26): error TS2339: Property 'id' does not exist on type 'never'.
src/lib/store/setupsSlice.ts(67,29): error TS2339: Property 'car_id' does not exist on type 'never'.
src/lib/store/setupsSlice.ts(68,28): error TS2339: Property 'name' does not exist on type 'never'.
src/lib/store/setupsSlice.ts(69,35): error TS2339: Property 'session_type' does not exist on type 'never'.
src/lib/store/setupsSlice.ts(70,29): error TS2339: Property 'tires' does not exist on type 'never'.
src/lib/store/setupsSlice.ts(71,32): error TS2339: Property 'pressure' does not exist on type 'never'.
src/lib/store/setupsSlice.ts(72,28): error TS2339: Property 'fuel' does not exist on type 'never'.
src/lib/store/setupsSlice.ts(73,29): error TS2339: Property 'notes' does not exist on type 'never'.
src/lib/store/setupsSlice.ts(74,34): error TS2339: Property 'created_at' does not exist on type 'never'.
src/lib/store/themeSlice.ts(19,52): error TS2345: Argument of type '{ team_theme: TeamTheme; }' is not assignable to parameter of type 'never'.
src/lib/store/themeSlice.ts(26,52): error TS2345: Argument of type '{ theme_mode: "light" | "dark" | "system"; }' is not assignable to parameter of type 'never'.
